// Jest Snapshot v1, https://goo.gl/fbAQLP

exports[`List component snpashot test for List 1`] = `
<DocumentFragment>
  <header
    class="Header"
  >
    <h1>
      Lists of Things
    </h1>
    <nav>
      <a
        href="/"
      >
        home
      </a>
    </nav>
  </header>
  <div>
    Loading...
  </div>
</DocumentFragment>
`;
